// Jest Snapshot v1, https://goo.gl/fbAQLP

exports[`extractAlerts should extract alerts and match snapshot 1`] = `
{
  "webgoat-demo-2": {
    "1": [
      "cwe-079",
      "cwe-116",
    ],
    "10": [
      "cwe-020",
      "cwe-080",
      "cwe-116",
    ],
    "11": [
      "cwe-020",
      "cwe-080",
      "cwe-116",
    ],
    "12": [
      "cwe-020",
    ],
    "2": [
      "cwe-079",
      "cwe-116",
    ],
    "3": [
      "cwe-079",
      "cwe-116",
    ],
    "4": [
      "cwe-079",
      "cwe-116",
    ],
    "5": [
      "cwe-079",
      "cwe-116",
    ],
    "6": [
      "cwe-079",
      "cwe-116",
    ],
    "7": [
      "cwe-079",
      "cwe-116",
    ],
    "8": [
      "cwe-079",
      "cwe-116",
    ],
    "9": [
      "cwe-079",
      "cwe-116",
    ],
  },
  "webgoat-demo-mb": {
    "1": [
      "cwe-079",
      "cwe-116",
    ],
    "10": [
      "cwe-020",
      "cwe-080",
      "cwe-116",
    ],
    "11": [
      "cwe-020",
      "cwe-080",
      "cwe-116",
    ],
    "2": [
      "cwe-079",
      "cwe-116",
    ],
    "3": [
      "cwe-079",
      "cwe-116",
    ],
    "4": [
      "cwe-079",
      "cwe-116",
    ],
    "5": [
      "cwe-079",
      "cwe-116",
    ],
    "6": [
      "cwe-079",
      "cwe-116",
    ],
    "7": [
      "cwe-079",
      "cwe-116",
    ],
    "8": [
      "cwe-079",
      "cwe-116",
    ],
    "9": [
      "cwe-079",
      "cwe-116",
    ],
  },
}
`;
