// Jest Snapshot v1, https://goo.gl/fbAQLP

exports[`mapRisksToAlerts should create a CSV file with the correct data 1`] = `
"repo_name,alert_no,risk,cwe_id
webgoat-demo-2,1,A03:2021 – Injection,cwe-079
webgoat-demo-2,2,A03:2021 – Injection,cwe-079
webgoat-demo-2,3,A03:2021 – Injection,cwe-079
webgoat-demo-2,4,A03:2021 – Injection,cwe-079
webgoat-demo-2,5,A03:2021 – Injection,cwe-079
webgoat-demo-2,6,A03:2021 – Injection,cwe-079
webgoat-demo-2,7,A03:2021 – Injection,cwe-079
webgoat-demo-2,8,A03:2021 – Injection,cwe-079
webgoat-demo-2,9,A03:2021 – Injection,cwe-079
webgoat-demo-2,10,A03:2021 – Injection,cwe-020
webgoat-demo-2,11,A03:2021 – Injection,cwe-020
webgoat-demo-2,12,A03:2021 – Injection,cwe-020
webgoat-demo-mb,1,A03:2021 – Injection,cwe-079
webgoat-demo-mb,2,A03:2021 – Injection,cwe-079
webgoat-demo-mb,3,A03:2021 – Injection,cwe-079
webgoat-demo-mb,4,A03:2021 – Injection,cwe-079
webgoat-demo-mb,5,A03:2021 – Injection,cwe-079
webgoat-demo-mb,6,A03:2021 – Injection,cwe-079
webgoat-demo-mb,7,A03:2021 – Injection,cwe-079
webgoat-demo-mb,8,A03:2021 – Injection,cwe-079
webgoat-demo-mb,9,A03:2021 – Injection,cwe-079
webgoat-demo-mb,10,A03:2021 – Injection,cwe-020
webgoat-demo-mb,11,A03:2021 – Injection,cwe-020
"
`;
